// Vitest Snapshot v1, https://vitest.dev/guide/snapshot.html

exports[`<TextField /> component > should load the component in default state 1`] = `
<div
  class="MuiFormControl-root MuiTextField-root makeStyles-MuiFormControl-root-MuiTextField-root"
>
  <div
    class="MuiInputBase-root MuiOutlinedInput-root MuiInputBase-colorPrimary MuiInputBase-formControl makeStyles-MuiInputBase-root-MuiOutlinedInput-root"
  >
    <input
      aria-invalid="false"
      class="MuiInputBase-input MuiOutlinedInput-input makeStyles-MuiInputBase-input-MuiOutlinedInput-input"
      id=":r1:"
      name="test"
      type="text"
      value="test"
    />
    <fieldset
      aria-hidden="true"
      class="MuiOutlinedInput-notchedOutline makeStyles-MuiOutlinedInput-notchedOutline"
    >
      <legend>
        <span
          class="notranslate"
        >
          â€‹
        </span>
      </legend>
    </fieldset>
  </div>
</div>
`;
