// Vitest Snapshot v1, https://vitest.dev/guide/snapshot.html

exports[`template > custom body after 1`] = `
"
    <!DOCTYPE html>
      <html lang="en-us">
      <head>
        <meta charset="utf-8">
        <base href="http://domain.com/">
        <title></title>
        <link rel="icon" href="http://domain.com/-/static/favicon.ico">
        <meta name="viewport" content="width=device-width, initial-scale=1">
        <script>
            window.__VERDACCIO_BASENAME_UI_OPTIONS={"base":"http://domain.com/"}
        </script>
        
      </head>
      <body class="body">
        
        <div id="root"></div>
        <script defer="defer" src="http://domain.com/-/static/runtime.6126058572f989c948b1.js"></script>
        <script defer="defer" src="http://domain.com/-/static/main.6126058572f989c948b1.js"></script>
        <script src="foo"/>
      </body>
    </html>
  "
`;

exports[`template > custom body before 1`] = `
"
    <!DOCTYPE html>
      <html lang="en-us">
      <head>
        <meta charset="utf-8">
        <base href="http://domain.com/">
        <title></title>
        <link rel="icon" href="http://domain.com/-/static/favicon.ico">
        <meta name="viewport" content="width=device-width, initial-scale=1">
        <script>
            window.__VERDACCIO_BASENAME_UI_OPTIONS={"base":"http://domain.com/"}
        </script>
        
      </head>
      <body class="body">
        <script src="fooBefore"/><script src="barBefore"/>
        <div id="root"></div>
        <script defer="defer" src="http://domain.com/-/static/runtime.6126058572f989c948b1.js"></script>
        <script defer="defer" src="http://domain.com/-/static/main.6126058572f989c948b1.js"></script>
        
      </body>
    </html>
  "
`;

exports[`template > custom render 1`] = `
"
    <!DOCTYPE html>
      <html lang="en-us">
      <head>
        <meta charset="utf-8">
        <base href="http://domain.com/">
        <title></title>
        <link rel="icon" href="http://domain.com/-/static/favicon.ico">
        <meta name="viewport" content="width=device-width, initial-scale=1">
        <script>
            window.__VERDACCIO_BASENAME_UI_OPTIONS={"base":"http://domain.com/"}
        </script>
        
      </head>
      <body class="body">
        
        <div id="root"></div>
        <script defer="defer" src="http://domain.com/-/static/runtime.6126058572f989c948b1.js"></script>
        <script defer="defer" src="http://domain.com/-/static/main.6126058572f989c948b1.js"></script>
        
      </body>
    </html>
  "
`;

exports[`template > custom title 1`] = `
"
    <!DOCTYPE html>
      <html lang="en-us">
      <head>
        <meta charset="utf-8">
        <base href="http://domain.com/">
        <title>foo title</title>
        <link rel="icon" href="http://domain.com/-/static/favicon.ico">
        <meta name="viewport" content="width=device-width, initial-scale=1">
        <script>
            window.__VERDACCIO_BASENAME_UI_OPTIONS={"base":"http://domain.com/","title":"foo title"}
        </script>
        
      </head>
      <body class="body">
        
        <div id="root"></div>
        <script defer="defer" src="http://domain.com/-/static/runtime.6126058572f989c948b1.js"></script>
        <script defer="defer" src="http://domain.com/-/static/main.6126058572f989c948b1.js"></script>
        
      </body>
    </html>
  "
`;

exports[`template > meta scripts 1`] = `
"
    <!DOCTYPE html>
      <html lang="en-us">
      <head>
        <meta charset="utf-8">
        <base href="http://domain.com/">
        <title></title>
        <link rel="icon" href="http://domain.com/-/static/favicon.ico">
        <meta name="viewport" content="width=device-width, initial-scale=1">
        <script>
            window.__VERDACCIO_BASENAME_UI_OPTIONS={"base":"http://domain.com/"}
        </script>
        <style>.someclass{font-size:10px;}</style>
      </head>
      <body class="body">
        
        <div id="root"></div>
        <script defer="defer" src="http://domain.com/-/static/runtime.6126058572f989c948b1.js"></script>
        <script defer="defer" src="http://domain.com/-/static/main.6126058572f989c948b1.js"></script>
        
      </body>
    </html>
  "
`;
